WARNING: method definition for #simulate_prerec_traj#72 at /home/kmgovind/adaptive-ocean-exploration-sim/src/simulator_spatial.jl:2294 declares type variable XS but does not use it.
WARNING: method definition for simulate_prerec_traj at /home/kmgovind/adaptive-ocean-exploration-sim/src/simulator_spatial.jl:2294 declares type variable X but does not use it.
WARNING: method definition for simulate_prerec_traj at /home/kmgovind/adaptive-ocean-exploration-sim/src/simulator_spatial.jl:2294 declares type variable X but does not use it.
Precompiling CairoMakie...
 144544.2 ms  ✓ Makie
  51908.0 ms  ✓ CairoMakie
  2 dependencies successfully precompiled in 202 seconds. 278 already precompiled.
┌ Warning: Replacing docs for `Main.Variograms.hp_fit :: Tuple{Any}` in module `Main.Variograms`
└ @ Base.Docs docs/Docs.jl:243
ERROR: LoadError: On worker 13:
BoundsError: attempt to access 33×39×4320 extrapolate(scale(interpolate(OffsetArray(::Array{Float64, 3}, 0:34, 0:40, 0:4321), BSpline(Cubic(Line(OnGrid())))), (0.0:0.05:1.6, 0.0:0.05:1.9, 0.0:0.041666666666666664:179.95833333333334)), Throw()) with element type Float64 at index [0.44143753148298875, -5.657263739955988e-5, 122.25]
Stacktrace:
  [1] throw_boundserror
    @ ./essentials.jl:14
  [2] inbounds_index
    @ ~/.julia/packages/Interpolations/rXcvn/src/extrapolation/extrapolation.jl:116 [inlined]
  [3] inbounds_position
    @ ~/.julia/packages/Interpolations/rXcvn/src/extrapolation/extrapolation.jl:107 [inlined]
  [4] inbounds_position
    @ ~/.julia/packages/Interpolations/rXcvn/src/extrapolation/extrapolation.jl:108 [inlined]
  [5] Extrapolation
    @ ~/.julia/packages/Interpolations/rXcvn/src/extrapolation/extrapolation.jl:53 [inlined]
  [6] measure
    @ ~/adaptive-ocean-exploration-sim/src/simulator_ST.jl:36
  [7] macro expansion
    @ ~/adaptive-ocean-exploration-sim/src/simulator_ST.jl:681 [inlined]
  [8] macro expansion
    @ ~/.julia/packages/ProgressLogging/mcUt5/src/ProgressLogging.jl:471 [inlined]
  [9] #simulate_known_param#21
    @ ~/adaptive-ocean-exploration-sim/src/simulator_ST.jl:636
 [10] simulate_known_param
    @ ~/adaptive-ocean-exploration-sim/src/simulator_ST.jl:548 [inlined]
 [11] run_bb_ipp
    @ ~/adaptive-ocean-exploration-sim/revision_sims/run_monte_carlo_comparison.jl:417
 [12] run_task
    @ ~/adaptive-ocean-exploration-sim/revision_sims/run_monte_carlo_comparison.jl:449
 [13] #exec_from_cache#212
    @ /sw/pkgs/lsa/julia/1.11.4/share/julia/stdlib/v1.11/Distributed/src/workerpool.jl:354
 [14] #invokelatest#2
    @ ./essentials.jl:1055
 [15] invokelatest
    @ ./essentials.jl:1052
 [16] #110
    @ /sw/pkgs/lsa/julia/1.11.4/share/julia/stdlib/v1.11/Distributed/src/process_messages.jl:287
 [17] run_work_thunk
    @ /sw/pkgs/lsa/julia/1.11.4/share/julia/stdlib/v1.11/Distributed/src/process_messages.jl:70
 [18] #109
    @ /sw/pkgs/lsa/julia/1.11.4/share/julia/stdlib/v1.11/Distributed/src/process_messages.jl:287
Stacktrace:
  [1] (::Base.var"#1170#1172")(x::Task)
    @ Base ./asyncmap.jl:171
  [2] foreach(f::Base.var"#1170#1172", itr::Vector{Any})
    @ Base ./abstractarray.jl:3187
  [3] maptwice(wrapped_f::Function, chnl::Channel{Any}, worker_tasks::Vector{Any}, c::Vector{Tuple{Int64, Symbol, String, Float64}})
    @ Base ./asyncmap.jl:171
  [4] wrap_n_exec_twice
    @ ./asyncmap.jl:147 [inlined]
  [5] #async_usemap#1155
    @ ./asyncmap.jl:97 [inlined]
  [6] async_usemap
    @ ./asyncmap.jl:78 [inlined]
  [7] #asyncmap#1154
    @ ./asyncmap.jl:75 [inlined]
  [8] asyncmap
    @ ./asyncmap.jl:74 [inlined]
  [9] pmap(f::Function, p::CachingPool, c::Vector{Tuple{Int64, Symbol, String, Float64}}; distributed::Bool, batch_size::Int64, on_error::Nothing, retry_delays::Vector{Any}, retry_check::Nothing)
    @ Distributed /sw/pkgs/lsa/julia/1.11.4/share/julia/stdlib/v1.11/Distributed/src/pmap.jl:126
 [10] pmap
    @ /sw/pkgs/lsa/julia/1.11.4/share/julia/stdlib/v1.11/Distributed/src/pmap.jl:99 [inlined]
 [11] pmap(f::Function, c::Vector{Tuple{Int64, Symbol, String, Float64}}; kwargs::@Kwargs{})
    @ Distributed /sw/pkgs/lsa/julia/1.11.4/share/julia/stdlib/v1.11/Distributed/src/pmap.jl:156
 [12] main()
    @ Main ~/adaptive-ocean-exploration-sim/revision_sims/run_monte_carlo_comparison.jl:486
 [13] top-level scope
    @ ~/adaptive-ocean-exploration-sim/revision_sims/run_monte_carlo_comparison.jl:624
in expression starting at /home/kmgovind/adaptive-ocean-exploration-sim/revision_sims/run_monte_carlo_comparison.jl:624
