Array Task ID 2: Running Rated Wind Speed = 0.5
      From worker 4:	┌ Warning: Replacing docs for `Main.Variograms.hp_fit :: Tuple{Any}` in module `Main.Variograms`
      From worker 4:	└ @ Base.Docs docs/Docs.jl:243
      From worker 9:	┌ Warning: Replacing docs for `Main.Variograms.hp_fit :: Tuple{Any}` in module `Main.Variograms`
      From worker 9:	└ @ Base.Docs docs/Docs.jl:243
      From worker 16:	┌ Warning: Replacing docs for `Main.Variograms.hp_fit :: Tuple{Any}` in module `Main.Variograms`
      From worker 16:	└ @ Base.Docs docs/Docs.jl:243
      From worker 17:	┌ Warning: Replacing docs for `Main.Variograms.hp_fit :: Tuple{Any}` in module `Main.Variograms`
      From worker 17:	└ @ Base.Docs docs/Docs.jl:243
      From worker 8:	┌ Warning: Replacing docs for `Main.Variograms.hp_fit :: Tuple{Any}` in module `Main.Variograms`
      From worker 8:	└ @ Base.Docs docs/Docs.jl:243
      From worker 5:	┌ Warning: Replacing docs for `Main.Variograms.hp_fit :: Tuple{Any}` in module `Main.Variograms`
      From worker 5:	└ @ Base.Docs docs/Docs.jl:243
      From worker 11:	┌ Warning: Replacing docs for `Main.Variograms.hp_fit :: Tuple{Any}` in module `Main.Variograms`
      From worker 11:	└ @ Base.Docs docs/Docs.jl:243
      From worker 14:	┌ Warning: Replacing docs for `Main.Variograms.hp_fit :: Tuple{Any}` in module `Main.Variograms`
      From worker 14:	└ @ Base.Docs docs/Docs.jl:243
      From worker 2:	┌ Warning: Replacing docs for `Main.Variograms.hp_fit :: Tuple{Any}` in module `Main.Variograms`
      From worker 2:	└ @ Base.Docs docs/Docs.jl:243
      From worker 6:	┌ Warning: Replacing docs for `Main.Variograms.hp_fit :: Tuple{Any}` in module `Main.Variograms`
      From worker 6:	└ @ Base.Docs docs/Docs.jl:243
      From worker 10:	┌ Warning: Replacing docs for `Main.Variograms.hp_fit :: Tuple{Any}` in module `Main.Variograms`
      From worker 10:	└ @ Base.Docs docs/Docs.jl:243
      From worker 3:	┌ Warning: Replacing docs for `Main.Variograms.hp_fit :: Tuple{Any}` in module `Main.Variograms`
      From worker 3:	└ @ Base.Docs docs/Docs.jl:243
      From worker 15:	┌ Warning: Replacing docs for `Main.Variograms.hp_fit :: Tuple{Any}` in module `Main.Variograms`
      From worker 15:	└ @ Base.Docs docs/Docs.jl:243
      From worker 7:	┌ Warning: Replacing docs for `Main.Variograms.hp_fit :: Tuple{Any}` in module `Main.Variograms`
      From worker 7:	└ @ Base.Docs docs/Docs.jl:243
      From worker 13:	┌ Warning: Replacing docs for `Main.Variograms.hp_fit :: Tuple{Any}` in module `Main.Variograms`
      From worker 13:	└ @ Base.Docs docs/Docs.jl:243
      From worker 12:	┌ Warning: Replacing docs for `Main.Variograms.hp_fit :: Tuple{Any}` in module `Main.Variograms`
      From worker 12:	└ @ Base.Docs docs/Docs.jl:243
      From worker 9:	WARNING: method definition for #simulate_prerec_traj#72 at /home/kmgovind/adaptive-ocean-exploration-sim/src/simulator_spatial.jl:2294 declares type variable XS but does not use it.
      From worker 9:	WARNING: method definition for simulate_prerec_traj at /home/kmgovind/adaptive-ocean-exploration-sim/src/simulator_spatial.jl:2294 declares type variable X but does not use it.
      From worker 9:	WARNING: method definition for simulate_prerec_traj at /home/kmgovind/adaptive-ocean-exploration-sim/src/simulator_spatial.jl:2294 declares type variable X but does not use it.
      From worker 4:	WARNING: method definition for #simulate_prerec_traj#72 at /home/kmgovind/adaptive-ocean-exploration-sim/src/simulator_spatial.jl:2294 declares type variable XS but does not use it.
      From worker 4:	WARNING: method definition for simulate_prerec_traj at /home/kmgovind/adaptive-ocean-exploration-sim/src/simulator_spatial.jl:2294 declares type variable X but does not use it.
      From worker 4:	WARNING: method definition for simulate_prerec_traj at /home/kmgovind/adaptive-ocean-exploration-sim/src/simulator_spatial.jl:2294 declares type variable X but does not use it.
      From worker 16:	WARNING: method definition for #simulate_prerec_traj#72 at /home/kmgovind/adaptive-ocean-exploration-sim/src/simulator_spatial.jl:2294 declares type variable XS but does not use it.
      From worker 16:	WARNING: method definition for simulate_prerec_traj at /home/kmgovind/adaptive-ocean-exploration-sim/src/simulator_spatial.jl:2294 declares type variable X but does not use it.
      From worker 16:	WARNING: method definition for simulate_prerec_traj at /home/kmgovind/adaptive-ocean-exploration-sim/src/simulator_spatial.jl:2294 declares type variable X but does not use it.
      From worker 8:	WARNING: method definition for #simulate_prerec_traj#72 at /home/kmgovind/adaptive-ocean-exploration-sim/src/simulator_spatial.jl:2294 declares type variable XS but does not use it.
      From worker 8:	WARNING: method definition for simulate_prerec_traj at /home/kmgovind/adaptive-ocean-exploration-sim/src/simulator_spatial.jl:2294 declares type variable X but does not use it.
      From worker 8:	WARNING: method definition for simulate_prerec_traj at /home/kmgovind/adaptive-ocean-exploration-sim/src/simulator_spatial.jl:2294 declares type variable X but does not use it.
      From worker 11:	WARNING: method definition for #simulate_prerec_traj#72 at /home/kmgovind/adaptive-ocean-exploration-sim/src/simulator_spatial.jl:2294 declares type variable XS but does not use it.
      From worker 11:	WARNING: method definition for simulate_prerec_traj at /home/kmgovind/adaptive-ocean-exploration-sim/src/simulator_spatial.jl:2294 declares type variable X but does not use it.
      From worker 11:	WARNING: method definition for simulate_prerec_traj at /home/kmgovind/adaptive-ocean-exploration-sim/src/simulator_spatial.jl:2294 declares type variable X but does not use it.
      From worker 17:	WARNING: method definition for #simulate_prerec_traj#72 at /home/kmgovind/adaptive-ocean-exploration-sim/src/simulator_spatial.jl:2294 declares type variable XS but does not use it.
      From worker 17:	WARNING: method definition for simulate_prerec_traj at /home/kmgovind/adaptive-ocean-exploration-sim/src/simulator_spatial.jl:2294 declares type variable X but does not use it.
      From worker 17:	WARNING: method definition for simulate_prerec_traj at /home/kmgovind/adaptive-ocean-exploration-sim/src/simulator_spatial.jl:2294 declares type variable X but does not use it.
      From worker 5:	WARNING: method definition for #simulate_prerec_traj#72 at /home/kmgovind/adaptive-ocean-exploration-sim/src/simulator_spatial.jl:2294 declares type variable XS but does not use it.
      From worker 5:	WARNING: method definition for simulate_prerec_traj at /home/kmgovind/adaptive-ocean-exploration-sim/src/simulator_spatial.jl:2294 declares type variable X but does not use it.
      From worker 5:	WARNING: method definition for simulate_prerec_traj at /home/kmgovind/adaptive-ocean-exploration-sim/src/simulator_spatial.jl:2294 declares type variable X but does not use it.
      From worker 14:	WARNING: method definition for #simulate_prerec_traj#72 at /home/kmgovind/adaptive-ocean-exploration-sim/src/simulator_spatial.jl:2294 declares type variable XS but does not use it.
      From worker 14:	WARNING: method definition for simulate_prerec_traj at /home/kmgovind/adaptive-ocean-exploration-sim/src/simulator_spatial.jl:2294 declares type variable X but does not use it.
      From worker 14:	WARNING: method definition for simulate_prerec_traj at /home/kmgovind/adaptive-ocean-exploration-sim/src/simulator_spatial.jl:2294 declares type variable X but does not use it.
      From worker 2:	WARNING: method definition for #simulate_prerec_traj#72 at /home/kmgovind/adaptive-ocean-exploration-sim/src/simulator_spatial.jl:2294 declares type variable XS but does not use it.
      From worker 2:	WARNING: method definition for simulate_prerec_traj at /home/kmgovind/adaptive-ocean-exploration-sim/src/simulator_spatial.jl:2294 declares type variable X but does not use it.
      From worker 2:	WARNING: method definition for simulate_prerec_traj at /home/kmgovind/adaptive-ocean-exploration-sim/src/simulator_spatial.jl:2294 declares type variable X but does not use it.
      From worker 6:	WARNING: method definition for #simulate_prerec_traj#72 at /home/kmgovind/adaptive-ocean-exploration-sim/src/simulator_spatial.jl:2294 declares type variable XS but does not use it.
      From worker 6:	WARNING: method definition for simulate_prerec_traj at /home/kmgovind/adaptive-ocean-exploration-sim/src/simulator_spatial.jl:2294 declares type variable X but does not use it.
      From worker 6:	WARNING: method definition for simulate_prerec_traj at /home/kmgovind/adaptive-ocean-exploration-sim/src/simulator_spatial.jl:2294 declares type variable X but does not use it.
      From worker 3:	WARNING: method definition for #simulate_prerec_traj#72 at /home/kmgovind/adaptive-ocean-exploration-sim/src/simulator_spatial.jl:2294 declares type variable XS but does not use it.
      From worker 3:	WARNING: method definition for simulate_prerec_traj at /home/kmgovind/adaptive-ocean-exploration-sim/src/simulator_spatial.jl:2294 declares type variable X but does not use it.
      From worker 3:	WARNING: method definition for simulate_prerec_traj at /home/kmgovind/adaptive-ocean-exploration-sim/src/simulator_spatial.jl:2294 declares type variable X but does not use it.
      From worker 7:	WARNING: method definition for #simulate_prerec_traj#72 at /home/kmgovind/adaptive-ocean-exploration-sim/src/simulator_spatial.jl:2294 declares type variable XS but does not use it.
      From worker 7:	WARNING: method definition for simulate_prerec_traj at /home/kmgovind/adaptive-ocean-exploration-sim/src/simulator_spatial.jl:2294 declares type variable X but does not use it.
      From worker 7:	WARNING: method definition for simulate_prerec_traj at /home/kmgovind/adaptive-ocean-exploration-sim/src/simulator_spatial.jl:2294 declares type variable X but does not use it.
      From worker 10:	WARNING: method definition for #simulate_prerec_traj#72 at /home/kmgovind/adaptive-ocean-exploration-sim/src/simulator_spatial.jl:2294 declares type variable XS but does not use it.
      From worker 10:	WARNING: method definition for simulate_prerec_traj at /home/kmgovind/adaptive-ocean-exploration-sim/src/simulator_spatial.jl:2294 declares type variable X but does not use it.
      From worker 10:	WARNING: method definition for simulate_prerec_traj at /home/kmgovind/adaptive-ocean-exploration-sim/src/simulator_spatial.jl:2294 declares type variable X but does not use it.
      From worker 15:	WARNING: method definition for #simulate_prerec_traj#72 at /home/kmgovind/adaptive-ocean-exploration-sim/src/simulator_spatial.jl:2294 declares type variable XS but does not use it.
      From worker 15:	WARNING: method definition for simulate_prerec_traj at /home/kmgovind/adaptive-ocean-exploration-sim/src/simulator_spatial.jl:2294 declares type variable X but does not use it.
      From worker 15:	WARNING: method definition for simulate_prerec_traj at /home/kmgovind/adaptive-ocean-exploration-sim/src/simulator_spatial.jl:2294 declares type variable X but does not use it.
      From worker 13:	WARNING: method definition for #simulate_prerec_traj#72 at /home/kmgovind/adaptive-ocean-exploration-sim/src/simulator_spatial.jl:2294 declares type variable XS but does not use it.
      From worker 13:	WARNING: method definition for simulate_prerec_traj at /home/kmgovind/adaptive-ocean-exploration-sim/src/simulator_spatial.jl:2294 declares type variable X but does not use it.
      From worker 13:	WARNING: method definition for simulate_prerec_traj at /home/kmgovind/adaptive-ocean-exploration-sim/src/simulator_spatial.jl:2294 declares type variable X but does not use it.
      From worker 12:	WARNING: method definition for #simulate_prerec_traj#72 at /home/kmgovind/adaptive-ocean-exploration-sim/src/simulator_spatial.jl:2294 declares type variable XS but does not use it.
      From worker 12:	WARNING: method definition for simulate_prerec_traj at /home/kmgovind/adaptive-ocean-exploration-sim/src/simulator_spatial.jl:2294 declares type variable X but does not use it.
      From worker 12:	WARNING: method definition for simulate_prerec_traj at /home/kmgovind/adaptive-ocean-exploration-sim/src/simulator_spatial.jl:2294 declares type variable X but does not use it.
================================================================================
Monte Carlo Comparison Routine
Start Timestamp:  2026-08-10 08:40:25
Output Directory: /home/kmgovind/adaptive-ocean-exploration-sim/revision_sims/results_mc/w_rated_0.5/20260810_084025
MC Seeds:         1234:1263
Rated Wind Speed: 0.5 m/s
Strategies:       [:transect, :ergo_nonadaptive, :ergo_adaptive, :bb_ipp]
Active Workers:   [2, 3, 4, 5, 6, 7, 8, 9, 10, 11, 12, 13, 14, 15, 16, 17]
================================================================================

================================================================================
SUMMARY METRICS Across Monte Carlo Trials (N = 30 Seeds)
================================================================================
Strategy: transect
  - Global Spatial RMSE:     0.8782 ± 0.0181
  - Target-Masked RMSE:      0.6184 ± 0.0235
  - Weighted RMSE (wRMSE):   0.7825 ± 0.0141
  - Mean Clarity Deficit:    0.0000
  - Measurement Error Mean:  -0.4448
  - Measurement Error Std:   1.1190
  - Target Dwell (±1.0):     58.61%

Strategy: ergo_nonadaptive
  - Global Spatial RMSE:     0.8751 ± 0.0127
  - Target-Masked RMSE:      0.6182 ± 0.0198
  - Weighted RMSE (wRMSE):   0.7820 ± 0.0115
  - Mean Clarity Deficit:    0.1787
  - Measurement Error Mean:  -0.4450
  - Measurement Error Std:   1.0958
  - Target Dwell (±1.0):     59.71%

Strategy: ergo_adaptive
  - Global Spatial RMSE:     0.8597 ± 0.0121
  - Target-Masked RMSE:      0.6547 ± 0.0190
  - Weighted RMSE (wRMSE):   0.7740 ± 0.0119
  - Mean Clarity Deficit:    0.1092
  - Measurement Error Mean:  -0.2889
  - Measurement Error Std:   1.0446
  - Target Dwell (±1.0):     65.19%

Strategy: bb_ipp
  - Global Spatial RMSE:     0.9008 ± 0.0142
  - Target-Masked RMSE:      0.7534 ± 0.0240
  - Weighted RMSE (wRMSE):   0.8283 ± 0.0137
  - Mean Clarity Deficit:    0.1044
  - Measurement Error Mean:  -0.2622
  - Measurement Error Std:   0.9777
  - Target Dwell (±1.0):     69.10%

Histogram plot successfully saved to: results_mc/w_rated_0.5/20260810_084025/measurement_histograms.png
Summary report text saved to:         results_mc/w_rated_0.5/20260810_084025/summary_metrics.txt
Summary metrics CSV saved to:         results_mc/w_rated_0.5/20260810_084025/summary_metrics.csv
================================================================================
