Array Task ID 0: Running Rated Wind Speed = 0.0
      From worker 4:	┌ Warning: Replacing docs for `Main.Variograms.hp_fit :: Tuple{Any}` in module `Main.Variograms`
      From worker 4:	└ @ Base.Docs docs/Docs.jl:243
      From worker 15:	┌ Warning: Replacing docs for `Main.Variograms.hp_fit :: Tuple{Any}` in module `Main.Variograms`
      From worker 15:	└ @ Base.Docs docs/Docs.jl:243
      From worker 16:	┌ Warning: Replacing docs for `Main.Variograms.hp_fit :: Tuple{Any}` in module `Main.Variograms`
      From worker 16:	└ @ Base.Docs docs/Docs.jl:243
      From worker 11:	┌ Warning: Replacing docs for `Main.Variograms.hp_fit :: Tuple{Any}` in module `Main.Variograms`
      From worker 11:	└ @ Base.Docs docs/Docs.jl:243
      From worker 17:	┌ Warning: Replacing docs for `Main.Variograms.hp_fit :: Tuple{Any}` in module `Main.Variograms`
      From worker 17:	└ @ Base.Docs docs/Docs.jl:243
      From worker 10:	┌ Warning: Replacing docs for `Main.Variograms.hp_fit :: Tuple{Any}` in module `Main.Variograms`
      From worker 10:	└ @ Base.Docs docs/Docs.jl:243
      From worker 5:	┌ Warning: Replacing docs for `Main.Variograms.hp_fit :: Tuple{Any}` in module `Main.Variograms`
      From worker 5:	└ @ Base.Docs docs/Docs.jl:243
      From worker 7:	┌ Warning: Replacing docs for `Main.Variograms.hp_fit :: Tuple{Any}` in module `Main.Variograms`
      From worker 7:	└ @ Base.Docs docs/Docs.jl:243
      From worker 12:	┌ Warning: Replacing docs for `Main.Variograms.hp_fit :: Tuple{Any}` in module `Main.Variograms`
      From worker 12:	└ @ Base.Docs docs/Docs.jl:243
      From worker 13:	┌ Warning: Replacing docs for `Main.Variograms.hp_fit :: Tuple{Any}` in module `Main.Variograms`
      From worker 13:	└ @ Base.Docs docs/Docs.jl:243
      From worker 2:	┌ Warning: Replacing docs for `Main.Variograms.hp_fit :: Tuple{Any}` in module `Main.Variograms`
      From worker 2:	└ @ Base.Docs docs/Docs.jl:243
      From worker 14:	┌ Warning: Replacing docs for `Main.Variograms.hp_fit :: Tuple{Any}` in module `Main.Variograms`
      From worker 14:	└ @ Base.Docs docs/Docs.jl:243
      From worker 9:	┌ Warning: Replacing docs for `Main.Variograms.hp_fit :: Tuple{Any}` in module `Main.Variograms`
      From worker 9:	└ @ Base.Docs docs/Docs.jl:243
      From worker 3:	┌ Warning: Replacing docs for `Main.Variograms.hp_fit :: Tuple{Any}` in module `Main.Variograms`
      From worker 3:	└ @ Base.Docs docs/Docs.jl:243
      From worker 8:	┌ Warning: Replacing docs for `Main.Variograms.hp_fit :: Tuple{Any}` in module `Main.Variograms`
      From worker 8:	└ @ Base.Docs docs/Docs.jl:243
      From worker 6:	┌ Warning: Replacing docs for `Main.Variograms.hp_fit :: Tuple{Any}` in module `Main.Variograms`
      From worker 6:	└ @ Base.Docs docs/Docs.jl:243
      From worker 4:	WARNING: method definition for #simulate_prerec_traj#72 at /home/kmgovind/adaptive-ocean-exploration-sim/src/simulator_spatial.jl:2294 declares type variable XS but does not use it.
      From worker 4:	WARNING: method definition for simulate_prerec_traj at /home/kmgovind/adaptive-ocean-exploration-sim/src/simulator_spatial.jl:2294 declares type variable X but does not use it.
      From worker 4:	WARNING: method definition for simulate_prerec_traj at /home/kmgovind/adaptive-ocean-exploration-sim/src/simulator_spatial.jl:2294 declares type variable X but does not use it.
      From worker 15:	WARNING: method definition for #simulate_prerec_traj#72 at /home/kmgovind/adaptive-ocean-exploration-sim/src/simulator_spatial.jl:2294 declares type variable XS but does not use it.
      From worker 15:	WARNING: method definition for simulate_prerec_traj at /home/kmgovind/adaptive-ocean-exploration-sim/src/simulator_spatial.jl:2294 declares type variable X but does not use it.
      From worker 15:	WARNING: method definition for simulate_prerec_traj at /home/kmgovind/adaptive-ocean-exploration-sim/src/simulator_spatial.jl:2294 declares type variable X but does not use it.
      From worker 16:	WARNING: method definition for #simulate_prerec_traj#72 at /home/kmgovind/adaptive-ocean-exploration-sim/src/simulator_spatial.jl:2294 declares type variable XS but does not use it.
      From worker 16:	WARNING: method definition for simulate_prerec_traj at /home/kmgovind/adaptive-ocean-exploration-sim/src/simulator_spatial.jl:2294 declares type variable X but does not use it.
      From worker 16:	WARNING: method definition for simulate_prerec_traj at /home/kmgovind/adaptive-ocean-exploration-sim/src/simulator_spatial.jl:2294 declares type variable X but does not use it.
      From worker 11:	WARNING: method definition for #simulate_prerec_traj#72 at /home/kmgovind/adaptive-ocean-exploration-sim/src/simulator_spatial.jl:2294 declares type variable XS but does not use it.
      From worker 11:	WARNING: method definition for simulate_prerec_traj at /home/kmgovind/adaptive-ocean-exploration-sim/src/simulator_spatial.jl:2294 declares type variable X but does not use it.
      From worker 11:	WARNING: method definition for simulate_prerec_traj at /home/kmgovind/adaptive-ocean-exploration-sim/src/simulator_spatial.jl:2294 declares type variable X but does not use it.
      From worker 17:	WARNING: method definition for #simulate_prerec_traj#72 at /home/kmgovind/adaptive-ocean-exploration-sim/src/simulator_spatial.jl:2294 declares type variable XS but does not use it.
      From worker 17:	WARNING: method definition for simulate_prerec_traj at /home/kmgovind/adaptive-ocean-exploration-sim/src/simulator_spatial.jl:2294 declares type variable X but does not use it.
      From worker 17:	WARNING: method definition for simulate_prerec_traj at /home/kmgovind/adaptive-ocean-exploration-sim/src/simulator_spatial.jl:2294 declares type variable X but does not use it.
      From worker 10:	WARNING: method definition for #simulate_prerec_traj#72 at /home/kmgovind/adaptive-ocean-exploration-sim/src/simulator_spatial.jl:2294 declares type variable XS but does not use it.
      From worker 10:	WARNING: method definition for simulate_prerec_traj at /home/kmgovind/adaptive-ocean-exploration-sim/src/simulator_spatial.jl:2294 declares type variable X but does not use it.
      From worker 10:	WARNING: method definition for simulate_prerec_traj at /home/kmgovind/adaptive-ocean-exploration-sim/src/simulator_spatial.jl:2294 declares type variable X but does not use it.
      From worker 5:	WARNING: method definition for #simulate_prerec_traj#72 at /home/kmgovind/adaptive-ocean-exploration-sim/src/simulator_spatial.jl:2294 declares type variable XS but does not use it.
      From worker 5:	WARNING: method definition for simulate_prerec_traj at /home/kmgovind/adaptive-ocean-exploration-sim/src/simulator_spatial.jl:2294 declares type variable X but does not use it.
      From worker 5:	WARNING: method definition for simulate_prerec_traj at /home/kmgovind/adaptive-ocean-exploration-sim/src/simulator_spatial.jl:2294 declares type variable X but does not use it.
      From worker 12:	WARNING: method definition for #simulate_prerec_traj#72 at /home/kmgovind/adaptive-ocean-exploration-sim/src/simulator_spatial.jl:2294 declares type variable XS but does not use it.
      From worker 12:	WARNING: method definition for simulate_prerec_traj at /home/kmgovind/adaptive-ocean-exploration-sim/src/simulator_spatial.jl:2294 declares type variable X but does not use it.
      From worker 12:	WARNING: method definition for simulate_prerec_traj at /home/kmgovind/adaptive-ocean-exploration-sim/src/simulator_spatial.jl:2294 declares type variable X but does not use it.
      From worker 7:	WARNING: method definition for #simulate_prerec_traj#72 at /home/kmgovind/adaptive-ocean-exploration-sim/src/simulator_spatial.jl:2294 declares type variable XS but does not use it.
      From worker 7:	WARNING: method definition for simulate_prerec_traj at /home/kmgovind/adaptive-ocean-exploration-sim/src/simulator_spatial.jl:2294 declares type variable X but does not use it.
      From worker 7:	WARNING: method definition for simulate_prerec_traj at /home/kmgovind/adaptive-ocean-exploration-sim/src/simulator_spatial.jl:2294 declares type variable X but does not use it.
      From worker 13:	WARNING: method definition for #simulate_prerec_traj#72 at /home/kmgovind/adaptive-ocean-exploration-sim/src/simulator_spatial.jl:2294 declares type variable XS but does not use it.
      From worker 13:	WARNING: method definition for simulate_prerec_traj at /home/kmgovind/adaptive-ocean-exploration-sim/src/simulator_spatial.jl:2294 declares type variable X but does not use it.
      From worker 13:	WARNING: method definition for simulate_prerec_traj at /home/kmgovind/adaptive-ocean-exploration-sim/src/simulator_spatial.jl:2294 declares type variable X but does not use it.
      From worker 2:	WARNING: method definition for #simulate_prerec_traj#72 at /home/kmgovind/adaptive-ocean-exploration-sim/src/simulator_spatial.jl:2294 declares type variable XS but does not use it.
      From worker 2:	WARNING: method definition for simulate_prerec_traj at /home/kmgovind/adaptive-ocean-exploration-sim/src/simulator_spatial.jl:2294 declares type variable X but does not use it.
      From worker 2:	WARNING: method definition for simulate_prerec_traj at /home/kmgovind/adaptive-ocean-exploration-sim/src/simulator_spatial.jl:2294 declares type variable X but does not use it.
      From worker 9:	WARNING: method definition for #simulate_prerec_traj#72 at /home/kmgovind/adaptive-ocean-exploration-sim/src/simulator_spatial.jl:2294 declares type variable XS but does not use it.
      From worker 9:	WARNING: method definition for simulate_prerec_traj at /home/kmgovind/adaptive-ocean-exploration-sim/src/simulator_spatial.jl:2294 declares type variable X but does not use it.
      From worker 9:	WARNING: method definition for simulate_prerec_traj at /home/kmgovind/adaptive-ocean-exploration-sim/src/simulator_spatial.jl:2294 declares type variable X but does not use it.
      From worker 3:	WARNING: method definition for #simulate_prerec_traj#72 at /home/kmgovind/adaptive-ocean-exploration-sim/src/simulator_spatial.jl:2294 declares type variable XS but does not use it.
      From worker 3:	WARNING: method definition for simulate_prerec_traj at /home/kmgovind/adaptive-ocean-exploration-sim/src/simulator_spatial.jl:2294 declares type variable X but does not use it.
      From worker 3:	WARNING: method definition for simulate_prerec_traj at /home/kmgovind/adaptive-ocean-exploration-sim/src/simulator_spatial.jl:2294 declares type variable X but does not use it.
      From worker 14:	WARNING: method definition for #simulate_prerec_traj#72 at /home/kmgovind/adaptive-ocean-exploration-sim/src/simulator_spatial.jl:2294 declares type variable XS but does not use it.
      From worker 14:	WARNING: method definition for simulate_prerec_traj at /home/kmgovind/adaptive-ocean-exploration-sim/src/simulator_spatial.jl:2294 declares type variable X but does not use it.
      From worker 14:	WARNING: method definition for simulate_prerec_traj at /home/kmgovind/adaptive-ocean-exploration-sim/src/simulator_spatial.jl:2294 declares type variable X but does not use it.
      From worker 8:	WARNING: method definition for #simulate_prerec_traj#72 at /home/kmgovind/adaptive-ocean-exploration-sim/src/simulator_spatial.jl:2294 declares type variable XS but does not use it.
      From worker 8:	WARNING: method definition for simulate_prerec_traj at /home/kmgovind/adaptive-ocean-exploration-sim/src/simulator_spatial.jl:2294 declares type variable X but does not use it.
      From worker 8:	WARNING: method definition for simulate_prerec_traj at /home/kmgovind/adaptive-ocean-exploration-sim/src/simulator_spatial.jl:2294 declares type variable X but does not use it.
      From worker 6:	WARNING: method definition for #simulate_prerec_traj#72 at /home/kmgovind/adaptive-ocean-exploration-sim/src/simulator_spatial.jl:2294 declares type variable XS but does not use it.
      From worker 6:	WARNING: method definition for simulate_prerec_traj at /home/kmgovind/adaptive-ocean-exploration-sim/src/simulator_spatial.jl:2294 declares type variable X but does not use it.
      From worker 6:	WARNING: method definition for simulate_prerec_traj at /home/kmgovind/adaptive-ocean-exploration-sim/src/simulator_spatial.jl:2294 declares type variable X but does not use it.
================================================================================
Monte Carlo Comparison Routine
Start Timestamp:  2026-08-18 10:46:30
Output Directory: /home/kmgovind/adaptive-ocean-exploration-sim/revision_sims/results_mc/w_rated_0.0/20260818_104630
MC Seeds:         1234:1263
Rated Wind Speed: 0.0 m/s
Strategies:       [:transect, :ergo_nonadaptive, :ergo_adaptive, :bb_ipp]
Active Workers:   [2, 3, 4, 5, 6, 7, 8, 9, 10, 11, 12, 13, 14, 15, 16, 17]
================================================================================

================================================================================
SUMMARY METRICS Across Monte Carlo Trials (N = 30 Seeds)
================================================================================
Strategy: transect
  - Spatial RMSE (Mean ± SEM):       0.8782 ± 0.0181
  - Spatial RMSE (Median [Q1, Q3]):  0.8590 [0.8192, 0.8874]
  - Mean Clarity Deficit:            0.1873
  - Final Deficit (Median [Q1, Q3]): 0.1879 [0.1879, 0.1879]
  - Measurement Error Mean:          0.0552
  - Measurement Error Std:           1.1190
  - Target Dwell (±1.0):             62.32%

Strategy: ergo_nonadaptive
  - Spatial RMSE (Mean ± SEM):       0.8751 ± 0.0127
  - Spatial RMSE (Median [Q1, Q3]):  0.8819 [0.8221, 0.9081]
  - Mean Clarity Deficit:            0.1787
  - Final Deficit (Median [Q1, Q3]): 0.1763 [0.1763, 0.1763]
  - Measurement Error Mean:          0.0550
  - Measurement Error Std:           1.0958
  - Target Dwell (±1.0):             64.93%

Strategy: ergo_adaptive
  - Spatial RMSE (Mean ± SEM):       0.8706 ± 0.0143
  - Spatial RMSE (Median [Q1, Q3]):  0.8625 [0.8147, 0.9027]
  - Mean Clarity Deficit:            0.1382
  - Final Deficit (Median [Q1, Q3]): 0.1262 [0.1043, 0.1464]
  - Measurement Error Mean:          0.0680
  - Measurement Error Std:           1.0520
  - Target Dwell (±1.0):             66.77%

Strategy: bb_ipp
  - Spatial RMSE (Mean ± SEM):       0.8895 ± 0.0160
  - Spatial RMSE (Median [Q1, Q3]):  0.8835 [0.8523, 0.8970]
  - Mean Clarity Deficit:            0.1426
  - Final Deficit (Median [Q1, Q3]): 0.1261 [0.1045, 0.1488]
  - Measurement Error Mean:          0.0477
  - Measurement Error Std:           0.9378
  - Target Dwell (±1.0):             72.57%

Seed distribution plot successfully saved to: results_mc/w_rated_0.0/20260818_104630/mc_metric_distributions.png
Time-series ribbon plot successfully saved to: results_mc/w_rated_0.0/20260818_104630/mc_time_series_ribbons.png
Histogram plot successfully saved to:  results_mc/w_rated_0.0/20260818_104630/measurement_histograms.png
Summary report text saved to:         results_mc/w_rated_0.0/20260818_104630/summary_metrics.txt
Summary metrics CSV saved to:         results_mc/w_rated_0.0/20260818_104630/summary_metrics.csv
================================================================================
