Array Task ID 2: Running Rated Wind Speed = 0.5
      From worker 17:	┌ Warning: Replacing docs for `Main.Variograms.hp_fit :: Tuple{Any}` in module `Main.Variograms`
      From worker 17:	└ @ Base.Docs docs/Docs.jl:243
      From worker 15:	┌ Warning: Replacing docs for `Main.Variograms.hp_fit :: Tuple{Any}` in module `Main.Variograms`
      From worker 15:	└ @ Base.Docs docs/Docs.jl:243
      From worker 14:	┌ Warning: Replacing docs for `Main.Variograms.hp_fit :: Tuple{Any}` in module `Main.Variograms`
      From worker 14:	└ @ Base.Docs docs/Docs.jl:243
      From worker 4:	┌ Warning: Replacing docs for `Main.Variograms.hp_fit :: Tuple{Any}` in module `Main.Variograms`
      From worker 4:	└ @ Base.Docs docs/Docs.jl:243
      From worker 11:	┌ Warning: Replacing docs for `Main.Variograms.hp_fit :: Tuple{Any}` in module `Main.Variograms`
      From worker 11:	└ @ Base.Docs docs/Docs.jl:243
      From worker 13:	┌ Warning: Replacing docs for `Main.Variograms.hp_fit :: Tuple{Any}` in module `Main.Variograms`
      From worker 13:	└ @ Base.Docs docs/Docs.jl:243
      From worker 6:	┌ Warning: Replacing docs for `Main.Variograms.hp_fit :: Tuple{Any}` in module `Main.Variograms`
      From worker 6:	└ @ Base.Docs docs/Docs.jl:243
      From worker 12:	┌ Warning: Replacing docs for `Main.Variograms.hp_fit :: Tuple{Any}` in module `Main.Variograms`
      From worker 12:	└ @ Base.Docs docs/Docs.jl:243
      From worker 7:	┌ Warning: Replacing docs for `Main.Variograms.hp_fit :: Tuple{Any}` in module `Main.Variograms`
      From worker 7:	└ @ Base.Docs docs/Docs.jl:243
      From worker 2:	┌ Warning: Replacing docs for `Main.Variograms.hp_fit :: Tuple{Any}` in module `Main.Variograms`
      From worker 2:	└ @ Base.Docs docs/Docs.jl:243
      From worker 5:	┌ Warning: Replacing docs for `Main.Variograms.hp_fit :: Tuple{Any}` in module `Main.Variograms`
      From worker 5:	└ @ Base.Docs docs/Docs.jl:243
      From worker 10:	┌ Warning: Replacing docs for `Main.Variograms.hp_fit :: Tuple{Any}` in module `Main.Variograms`
      From worker 10:	└ @ Base.Docs docs/Docs.jl:243
      From worker 9:	┌ Warning: Replacing docs for `Main.Variograms.hp_fit :: Tuple{Any}` in module `Main.Variograms`
      From worker 9:	└ @ Base.Docs docs/Docs.jl:243
      From worker 8:	┌ Warning: Replacing docs for `Main.Variograms.hp_fit :: Tuple{Any}` in module `Main.Variograms`
      From worker 8:	└ @ Base.Docs docs/Docs.jl:243
      From worker 16:	┌ Warning: Replacing docs for `Main.Variograms.hp_fit :: Tuple{Any}` in module `Main.Variograms`
      From worker 16:	└ @ Base.Docs docs/Docs.jl:243
      From worker 3:	┌ Warning: Replacing docs for `Main.Variograms.hp_fit :: Tuple{Any}` in module `Main.Variograms`
      From worker 3:	└ @ Base.Docs docs/Docs.jl:243
      From worker 15:	WARNING: method definition for #simulate_prerec_traj#72 at /home/kmgovind/adaptive-ocean-exploration-sim/src/simulator_spatial.jl:2294 declares type variable XS but does not use it.
      From worker 15:	WARNING: method definition for simulate_prerec_traj at /home/kmgovind/adaptive-ocean-exploration-sim/src/simulator_spatial.jl:2294 declares type variable X but does not use it.
      From worker 15:	WARNING: method definition for simulate_prerec_traj at /home/kmgovind/adaptive-ocean-exploration-sim/src/simulator_spatial.jl:2294 declares type variable X but does not use it.
      From worker 11:	WARNING: method definition for #simulate_prerec_traj#72 at /home/kmgovind/adaptive-ocean-exploration-sim/src/simulator_spatial.jl:2294 declares type variable XS but does not use it.
      From worker 11:	WARNING: method definition for simulate_prerec_traj at /home/kmgovind/adaptive-ocean-exploration-sim/src/simulator_spatial.jl:2294 declares type variable X but does not use it.
      From worker 11:	WARNING: method definition for simulate_prerec_traj at /home/kmgovind/adaptive-ocean-exploration-sim/src/simulator_spatial.jl:2294 declares type variable X but does not use it.
      From worker 14:	WARNING: method definition for #simulate_prerec_traj#72 at /home/kmgovind/adaptive-ocean-exploration-sim/src/simulator_spatial.jl:2294 declares type variable XS but does not use it.
      From worker 14:	WARNING: method definition for simulate_prerec_traj at /home/kmgovind/adaptive-ocean-exploration-sim/src/simulator_spatial.jl:2294 declares type variable X but does not use it.
      From worker 14:	WARNING: method definition for simulate_prerec_traj at /home/kmgovind/adaptive-ocean-exploration-sim/src/simulator_spatial.jl:2294 declares type variable X but does not use it.
      From worker 4:	WARNING: method definition for #simulate_prerec_traj#72 at /home/kmgovind/adaptive-ocean-exploration-sim/src/simulator_spatial.jl:2294 declares type variable XS but does not use it.
      From worker 4:	WARNING: method definition for simulate_prerec_traj at /home/kmgovind/adaptive-ocean-exploration-sim/src/simulator_spatial.jl:2294 declares type variable X but does not use it.
      From worker 4:	WARNING: method definition for simulate_prerec_traj at /home/kmgovind/adaptive-ocean-exploration-sim/src/simulator_spatial.jl:2294 declares type variable X but does not use it.
      From worker 7:	WARNING: method definition for #simulate_prerec_traj#72 at /home/kmgovind/adaptive-ocean-exploration-sim/src/simulator_spatial.jl:2294 declares type variable XS but does not use it.
      From worker 7:	WARNING: method definition for simulate_prerec_traj at /home/kmgovind/adaptive-ocean-exploration-sim/src/simulator_spatial.jl:2294 declares type variable X but does not use it.
      From worker 7:	WARNING: method definition for simulate_prerec_traj at /home/kmgovind/adaptive-ocean-exploration-sim/src/simulator_spatial.jl:2294 declares type variable X but does not use it.
      From worker 13:	WARNING: method definition for #simulate_prerec_traj#72 at /home/kmgovind/adaptive-ocean-exploration-sim/src/simulator_spatial.jl:2294 declares type variable XS but does not use it.
      From worker 13:	WARNING: method definition for simulate_prerec_traj at /home/kmgovind/adaptive-ocean-exploration-sim/src/simulator_spatial.jl:2294 declares type variable X but does not use it.
      From worker 13:	WARNING: method definition for simulate_prerec_traj at /home/kmgovind/adaptive-ocean-exploration-sim/src/simulator_spatial.jl:2294 declares type variable X but does not use it.
      From worker 6:	WARNING: method definition for #simulate_prerec_traj#72 at /home/kmgovind/adaptive-ocean-exploration-sim/src/simulator_spatial.jl:2294 declares type variable XS but does not use it.
      From worker 6:	WARNING: method definition for simulate_prerec_traj at /home/kmgovind/adaptive-ocean-exploration-sim/src/simulator_spatial.jl:2294 declares type variable X but does not use it.
      From worker 6:	WARNING: method definition for simulate_prerec_traj at /home/kmgovind/adaptive-ocean-exploration-sim/src/simulator_spatial.jl:2294 declares type variable X but does not use it.
      From worker 12:	WARNING: method definition for #simulate_prerec_traj#72 at /home/kmgovind/adaptive-ocean-exploration-sim/src/simulator_spatial.jl:2294 declares type variable XS but does not use it.
      From worker 12:	WARNING: method definition for simulate_prerec_traj at /home/kmgovind/adaptive-ocean-exploration-sim/src/simulator_spatial.jl:2294 declares type variable X but does not use it.
      From worker 12:	WARNING: method definition for simulate_prerec_traj at /home/kmgovind/adaptive-ocean-exploration-sim/src/simulator_spatial.jl:2294 declares type variable X but does not use it.
      From worker 2:	WARNING: method definition for #simulate_prerec_traj#72 at /home/kmgovind/adaptive-ocean-exploration-sim/src/simulator_spatial.jl:2294 declares type variable XS but does not use it.
      From worker 2:	WARNING: method definition for simulate_prerec_traj at /home/kmgovind/adaptive-ocean-exploration-sim/src/simulator_spatial.jl:2294 declares type variable X but does not use it.
      From worker 2:	WARNING: method definition for simulate_prerec_traj at /home/kmgovind/adaptive-ocean-exploration-sim/src/simulator_spatial.jl:2294 declares type variable X but does not use it.
      From worker 5:	WARNING: method definition for #simulate_prerec_traj#72 at /home/kmgovind/adaptive-ocean-exploration-sim/src/simulator_spatial.jl:2294 declares type variable XS but does not use it.
      From worker 5:	WARNING: method definition for simulate_prerec_traj at /home/kmgovind/adaptive-ocean-exploration-sim/src/simulator_spatial.jl:2294 declares type variable X but does not use it.
      From worker 5:	WARNING: method definition for simulate_prerec_traj at /home/kmgovind/adaptive-ocean-exploration-sim/src/simulator_spatial.jl:2294 declares type variable X but does not use it.
      From worker 9:	WARNING: method definition for #simulate_prerec_traj#72 at /home/kmgovind/adaptive-ocean-exploration-sim/src/simulator_spatial.jl:2294 declares type variable XS but does not use it.
      From worker 9:	WARNING: method definition for simulate_prerec_traj at /home/kmgovind/adaptive-ocean-exploration-sim/src/simulator_spatial.jl:2294 declares type variable X but does not use it.
      From worker 9:	WARNING: method definition for simulate_prerec_traj at /home/kmgovind/adaptive-ocean-exploration-sim/src/simulator_spatial.jl:2294 declares type variable X but does not use it.
      From worker 10:	WARNING: method definition for #simulate_prerec_traj#72 at /home/kmgovind/adaptive-ocean-exploration-sim/src/simulator_spatial.jl:2294 declares type variable XS but does not use it.
      From worker 10:	WARNING: method definition for simulate_prerec_traj at /home/kmgovind/adaptive-ocean-exploration-sim/src/simulator_spatial.jl:2294 declares type variable X but does not use it.
      From worker 10:	WARNING: method definition for simulate_prerec_traj at /home/kmgovind/adaptive-ocean-exploration-sim/src/simulator_spatial.jl:2294 declares type variable X but does not use it.
      From worker 8:	WARNING: method definition for #simulate_prerec_traj#72 at /home/kmgovind/adaptive-ocean-exploration-sim/src/simulator_spatial.jl:2294 declares type variable XS but does not use it.
      From worker 8:	WARNING: method definition for simulate_prerec_traj at /home/kmgovind/adaptive-ocean-exploration-sim/src/simulator_spatial.jl:2294 declares type variable X but does not use it.
      From worker 8:	WARNING: method definition for simulate_prerec_traj at /home/kmgovind/adaptive-ocean-exploration-sim/src/simulator_spatial.jl:2294 declares type variable X but does not use it.
      From worker 3:	WARNING: method definition for #simulate_prerec_traj#72 at /home/kmgovind/adaptive-ocean-exploration-sim/src/simulator_spatial.jl:2294 declares type variable XS but does not use it.
      From worker 3:	WARNING: method definition for simulate_prerec_traj at /home/kmgovind/adaptive-ocean-exploration-sim/src/simulator_spatial.jl:2294 declares type variable X but does not use it.
      From worker 3:	WARNING: method definition for simulate_prerec_traj at /home/kmgovind/adaptive-ocean-exploration-sim/src/simulator_spatial.jl:2294 declares type variable X but does not use it.
      From worker 16:	WARNING: method definition for #simulate_prerec_traj#72 at /home/kmgovind/adaptive-ocean-exploration-sim/src/simulator_spatial.jl:2294 declares type variable XS but does not use it.
      From worker 16:	WARNING: method definition for simulate_prerec_traj at /home/kmgovind/adaptive-ocean-exploration-sim/src/simulator_spatial.jl:2294 declares type variable X but does not use it.
      From worker 16:	WARNING: method definition for simulate_prerec_traj at /home/kmgovind/adaptive-ocean-exploration-sim/src/simulator_spatial.jl:2294 declares type variable X but does not use it.
      From worker 17:	WARNING: method definition for #simulate_prerec_traj#72 at /home/kmgovind/adaptive-ocean-exploration-sim/src/simulator_spatial.jl:2294 declares type variable XS but does not use it.
      From worker 17:	WARNING: method definition for simulate_prerec_traj at /home/kmgovind/adaptive-ocean-exploration-sim/src/simulator_spatial.jl:2294 declares type variable X but does not use it.
      From worker 17:	WARNING: method definition for simulate_prerec_traj at /home/kmgovind/adaptive-ocean-exploration-sim/src/simulator_spatial.jl:2294 declares type variable X but does not use it.
================================================================================
Monte Carlo Comparison Routine
Start Timestamp:  2026-08-05 17:18:38
Output Directory: /home/kmgovind/adaptive-ocean-exploration-sim/revision_sims/results_mc/w_rated_0.5/20260805_171838
MC Seeds:         1234:1243
Rated Wind Speed: 0.5 m/s
Strategies:       [:transect, :ergo_nonadaptive, :ergo_adaptive, :bb_ipp]
Active Workers:   [2, 3, 4, 5, 6, 7, 8, 9, 10, 11, 12, 13, 14, 15, 16, 17]
================================================================================

================================================================================
SUMMARY METRICS Across Monte Carlo Trials
================================================================================
Strategy: transect
  - Mean Spatial RMSE:       0.9298
  - Final Spatial RMSE:      0.8455
  - Mean Clarity Deficit:    0.0000
  - Final Clarity Deficit:   0.0000
  - Measurement Error Mean:  -0.6144
  - Measurement Error Std:   1.0571
  - In Target Range (±1.0): 57.16%

Strategy: ergo_nonadaptive
  - Mean Spatial RMSE:       0.8939
  - Final Spatial RMSE:      0.9341
  - Mean Clarity Deficit:    0.1787
  - Final Clarity Deficit:   0.1763
  - Measurement Error Mean:  -0.4595
  - Measurement Error Std:   1.0876
  - In Target Range (±1.0): 58.29%

Strategy: ergo_adaptive
  - Mean Spatial RMSE:       0.8619
  - Final Spatial RMSE:      0.8303
  - Mean Clarity Deficit:    0.1072
  - Final Clarity Deficit:   0.0922
  - Measurement Error Mean:  -0.2958
  - Measurement Error Std:   1.0560
  - In Target Range (±1.0): 64.88%

Strategy: bb_ipp
  - Mean Spatial RMSE:       0.9000
  - Final Spatial RMSE:      0.8488
  - Mean Clarity Deficit:    0.1103
  - Final Clarity Deficit:   0.0939
  - Measurement Error Mean:  -0.2903
  - Measurement Error Std:   0.9252
  - In Target Range (±1.0): 71.05%

Histogram plot successfully saved to: results_mc/w_rated_0.5/20260805_171838/measurement_histograms.png
Summary report text saved to:         results_mc/w_rated_0.5/20260805_171838/summary_metrics.txt
Summary metrics CSV saved to:         results_mc/w_rated_0.5/20260805_171838/summary_metrics.csv
================================================================================
