Repository: /home/kmgovind/adaptive-ocean-exploration-sim
Turbo output: /nfs/turbo/coe-corelab/kmgovind/jordan-lake-sims/results_mc/slurm_62497317/task_1/attempt_0
Slurm job: 62497317; workers: 15; Julia/BLAS threads: 1
julia version 1.11.4
Array Task ID 1: Running Ls = 0.2, Lt = 75.0 across W = [0.0,0.5,1.0,1.5]
      From worker 11:	┌ Warning: Replacing docs for `Main.Variograms.hp_fit :: Tuple{Any}` in module `Main.Variograms`
      From worker 11:	└ @ Base.Docs docs/Docs.jl:243
      From worker 5:	┌ Warning: Replacing docs for `Main.Variograms.hp_fit :: Tuple{Any}` in module `Main.Variograms`
      From worker 5:	└ @ Base.Docs docs/Docs.jl:243
      From worker 16:	┌ Warning: Replacing docs for `Main.Variograms.hp_fit :: Tuple{Any}` in module `Main.Variograms`
      From worker 16:	└ @ Base.Docs docs/Docs.jl:243
      From worker 6:	┌ Warning: Replacing docs for `Main.Variograms.hp_fit :: Tuple{Any}` in module `Main.Variograms`
      From worker 6:	└ @ Base.Docs docs/Docs.jl:243
      From worker 4:	┌ Warning: Replacing docs for `Main.Variograms.hp_fit :: Tuple{Any}` in module `Main.Variograms`
      From worker 4:	└ @ Base.Docs docs/Docs.jl:243
      From worker 12:	┌ Warning: Replacing docs for `Main.Variograms.hp_fit :: Tuple{Any}` in module `Main.Variograms`
      From worker 12:	└ @ Base.Docs docs/Docs.jl:243
      From worker 15:	┌ Warning: Replacing docs for `Main.Variograms.hp_fit :: Tuple{Any}` in module `Main.Variograms`
      From worker 15:	└ @ Base.Docs docs/Docs.jl:243
      From worker 8:	┌ Warning: Replacing docs for `Main.Variograms.hp_fit :: Tuple{Any}` in module `Main.Variograms`
      From worker 8:	└ @ Base.Docs docs/Docs.jl:243
      From worker 2:	┌ Warning: Replacing docs for `Main.Variograms.hp_fit :: Tuple{Any}` in module `Main.Variograms`
      From worker 2:	└ @ Base.Docs docs/Docs.jl:243
      From worker 14:	┌ Warning: Replacing docs for `Main.Variograms.hp_fit :: Tuple{Any}` in module `Main.Variograms`
      From worker 14:	└ @ Base.Docs docs/Docs.jl:243
      From worker 10:	┌ Warning: Replacing docs for `Main.Variograms.hp_fit :: Tuple{Any}` in module `Main.Variograms`
      From worker 10:	└ @ Base.Docs docs/Docs.jl:243
      From worker 9:	┌ Warning: Replacing docs for `Main.Variograms.hp_fit :: Tuple{Any}` in module `Main.Variograms`
      From worker 9:	└ @ Base.Docs docs/Docs.jl:243
      From worker 7:	┌ Warning: Replacing docs for `Main.Variograms.hp_fit :: Tuple{Any}` in module `Main.Variograms`
      From worker 7:	└ @ Base.Docs docs/Docs.jl:243
      From worker 3:	┌ Warning: Replacing docs for `Main.Variograms.hp_fit :: Tuple{Any}` in module `Main.Variograms`
      From worker 3:	└ @ Base.Docs docs/Docs.jl:243
      From worker 13:	┌ Warning: Replacing docs for `Main.Variograms.hp_fit :: Tuple{Any}` in module `Main.Variograms`
      From worker 13:	└ @ Base.Docs docs/Docs.jl:243
      From worker 16:	WARNING: method definition for #simulate_prerec_traj#72 at /home/kmgovind/adaptive-ocean-exploration-sim/src/simulator_spatial.jl:2293 declares type variable XS but does not use it.
      From worker 16:	WARNING: method definition for simulate_prerec_traj at /home/kmgovind/adaptive-ocean-exploration-sim/src/simulator_spatial.jl:2293 declares type variable X but does not use it.
      From worker 16:	WARNING: method definition for simulate_prerec_traj at /home/kmgovind/adaptive-ocean-exploration-sim/src/simulator_spatial.jl:2293 declares type variable X but does not use it.
      From worker 4:	WARNING: method definition for #simulate_prerec_traj#72 at /home/kmgovind/adaptive-ocean-exploration-sim/src/simulator_spatial.jl:2293 declares type variable XS but does not use it.
      From worker 4:	WARNING: method definition for simulate_prerec_traj at /home/kmgovind/adaptive-ocean-exploration-sim/src/simulator_spatial.jl:2293 declares type variable X but does not use it.
      From worker 4:	WARNING: method definition for simulate_prerec_traj at /home/kmgovind/adaptive-ocean-exploration-sim/src/simulator_spatial.jl:2293 declares type variable X but does not use it.
      From worker 6:	WARNING: method definition for #simulate_prerec_traj#72 at /home/kmgovind/adaptive-ocean-exploration-sim/src/simulator_spatial.jl:2293 declares type variable XS but does not use it.
      From worker 6:	WARNING: method definition for simulate_prerec_traj at /home/kmgovind/adaptive-ocean-exploration-sim/src/simulator_spatial.jl:2293 declares type variable X but does not use it.
      From worker 6:	WARNING: method definition for simulate_prerec_traj at /home/kmgovind/adaptive-ocean-exploration-sim/src/simulator_spatial.jl:2293 declares type variable X but does not use it.
      From worker 12:	WARNING: method definition for #simulate_prerec_traj#72 at /home/kmgovind/adaptive-ocean-exploration-sim/src/simulator_spatial.jl:2293 declares type variable XS but does not use it.
      From worker 12:	WARNING: method definition for simulate_prerec_traj at /home/kmgovind/adaptive-ocean-exploration-sim/src/simulator_spatial.jl:2293 declares type variable X but does not use it.
      From worker 12:	WARNING: method definition for simulate_prerec_traj at /home/kmgovind/adaptive-ocean-exploration-sim/src/simulator_spatial.jl:2293 declares type variable X but does not use it.
      From worker 8:	WARNING: method definition for #simulate_prerec_traj#72 at /home/kmgovind/adaptive-ocean-exploration-sim/src/simulator_spatial.jl:2293 declares type variable XS but does not use it.
      From worker 8:	WARNING: method definition for simulate_prerec_traj at /home/kmgovind/adaptive-ocean-exploration-sim/src/simulator_spatial.jl:2293 declares type variable X but does not use it.
      From worker 8:	WARNING: method definition for simulate_prerec_traj at /home/kmgovind/adaptive-ocean-exploration-sim/src/simulator_spatial.jl:2293 declares type variable X but does not use it.
      From worker 5:	WARNING: method definition for #simulate_prerec_traj#72 at /home/kmgovind/adaptive-ocean-exploration-sim/src/simulator_spatial.jl:2293 declares type variable XS but does not use it.
      From worker 5:	WARNING: method definition for simulate_prerec_traj at /home/kmgovind/adaptive-ocean-exploration-sim/src/simulator_spatial.jl:2293 declares type variable X but does not use it.
      From worker 5:	WARNING: method definition for simulate_prerec_traj at /home/kmgovind/adaptive-ocean-exploration-sim/src/simulator_spatial.jl:2293 declares type variable X but does not use it.
      From worker 11:	WARNING: method definition for #simulate_prerec_traj#72 at /home/kmgovind/adaptive-ocean-exploration-sim/src/simulator_spatial.jl:2293 declares type variable XS but does not use it.
      From worker 11:	WARNING: method definition for simulate_prerec_traj at /home/kmgovind/adaptive-ocean-exploration-sim/src/simulator_spatial.jl:2293 declares type variable X but does not use it.
      From worker 11:	WARNING: method definition for simulate_prerec_traj at /home/kmgovind/adaptive-ocean-exploration-sim/src/simulator_spatial.jl:2293 declares type variable X but does not use it.
      From worker 15:	WARNING: method definition for #simulate_prerec_traj#72 at /home/kmgovind/adaptive-ocean-exploration-sim/src/simulator_spatial.jl:2293 declares type variable XS but does not use it.
      From worker 15:	WARNING: method definition for simulate_prerec_traj at /home/kmgovind/adaptive-ocean-exploration-sim/src/simulator_spatial.jl:2293 declares type variable X but does not use it.
      From worker 15:	WARNING: method definition for simulate_prerec_traj at /home/kmgovind/adaptive-ocean-exploration-sim/src/simulator_spatial.jl:2293 declares type variable X but does not use it.
      From worker 2:	WARNING: method definition for #simulate_prerec_traj#72 at /home/kmgovind/adaptive-ocean-exploration-sim/src/simulator_spatial.jl:2293 declares type variable XS but does not use it.
      From worker 2:	WARNING: method definition for simulate_prerec_traj at /home/kmgovind/adaptive-ocean-exploration-sim/src/simulator_spatial.jl:2293 declares type variable X but does not use it.
      From worker 2:	WARNING: method definition for simulate_prerec_traj at /home/kmgovind/adaptive-ocean-exploration-sim/src/simulator_spatial.jl:2293 declares type variable X but does not use it.
      From worker 10:	WARNING: method definition for #simulate_prerec_traj#72 at /home/kmgovind/adaptive-ocean-exploration-sim/src/simulator_spatial.jl:2293 declares type variable XS but does not use it.
      From worker 10:	WARNING: method definition for simulate_prerec_traj at /home/kmgovind/adaptive-ocean-exploration-sim/src/simulator_spatial.jl:2293 declares type variable X but does not use it.
      From worker 10:	WARNING: method definition for simulate_prerec_traj at /home/kmgovind/adaptive-ocean-exploration-sim/src/simulator_spatial.jl:2293 declares type variable X but does not use it.
      From worker 9:	WARNING: method definition for #simulate_prerec_traj#72 at /home/kmgovind/adaptive-ocean-exploration-sim/src/simulator_spatial.jl:2293 declares type variable XS but does not use it.
      From worker 9:	WARNING: method definition for simulate_prerec_traj at /home/kmgovind/adaptive-ocean-exploration-sim/src/simulator_spatial.jl:2293 declares type variable X but does not use it.
      From worker 9:	WARNING: method definition for simulate_prerec_traj at /home/kmgovind/adaptive-ocean-exploration-sim/src/simulator_spatial.jl:2293 declares type variable X but does not use it.
      From worker 7:	WARNING: method definition for #simulate_prerec_traj#72 at /home/kmgovind/adaptive-ocean-exploration-sim/src/simulator_spatial.jl:2293 declares type variable XS but does not use it.
      From worker 7:	WARNING: method definition for simulate_prerec_traj at /home/kmgovind/adaptive-ocean-exploration-sim/src/simulator_spatial.jl:2293 declares type variable X but does not use it.
      From worker 7:	WARNING: method definition for simulate_prerec_traj at /home/kmgovind/adaptive-ocean-exploration-sim/src/simulator_spatial.jl:2293 declares type variable X but does not use it.
      From worker 3:	WARNING: method definition for #simulate_prerec_traj#72 at /home/kmgovind/adaptive-ocean-exploration-sim/src/simulator_spatial.jl:2293 declares type variable XS but does not use it.
      From worker 3:	WARNING: method definition for simulate_prerec_traj at /home/kmgovind/adaptive-ocean-exploration-sim/src/simulator_spatial.jl:2293 declares type variable X but does not use it.
      From worker 3:	WARNING: method definition for simulate_prerec_traj at /home/kmgovind/adaptive-ocean-exploration-sim/src/simulator_spatial.jl:2293 declares type variable X but does not use it.
      From worker 14:	WARNING: method definition for #simulate_prerec_traj#72 at /home/kmgovind/adaptive-ocean-exploration-sim/src/simulator_spatial.jl:2293 declares type variable XS but does not use it.
      From worker 14:	WARNING: method definition for simulate_prerec_traj at /home/kmgovind/adaptive-ocean-exploration-sim/src/simulator_spatial.jl:2293 declares type variable X but does not use it.
      From worker 14:	WARNING: method definition for simulate_prerec_traj at /home/kmgovind/adaptive-ocean-exploration-sim/src/simulator_spatial.jl:2293 declares type variable X but does not use it.
      From worker 13:	WARNING: method definition for #simulate_prerec_traj#72 at /home/kmgovind/adaptive-ocean-exploration-sim/src/simulator_spatial.jl:2293 declares type variable XS but does not use it.
      From worker 13:	WARNING: method definition for simulate_prerec_traj at /home/kmgovind/adaptive-ocean-exploration-sim/src/simulator_spatial.jl:2293 declares type variable X but does not use it.
      From worker 13:	WARNING: method definition for simulate_prerec_traj at /home/kmgovind/adaptive-ocean-exploration-sim/src/simulator_spatial.jl:2293 declares type variable X but does not use it.
┌ Warning: Replacing docs for `Main.Variograms.hp_fit :: Tuple{Any}` in module `Main.Variograms`
└ @ Base.Docs docs/Docs.jl:243
WARNING: method definition for #simulate_prerec_traj#72 at /home/kmgovind/adaptive-ocean-exploration-sim/src/simulator_spatial.jl:2293 declares type variable XS but does not use it.
WARNING: method definition for simulate_prerec_traj at /home/kmgovind/adaptive-ocean-exploration-sim/src/simulator_spatial.jl:2293 declares type variable X but does not use it.
WARNING: method definition for simulate_prerec_traj at /home/kmgovind/adaptive-ocean-exploration-sim/src/simulator_spatial.jl:2293 declares type variable X but does not use it.
================================================================================
Monte Carlo Parameter Sweep Routine
Start Timestamp:  2026-09-29 17:21:43
Output Directory: /nfs/turbo/coe-corelab/kmgovind/jordan-lake-sims/results_mc/slurm_62497317/task_1/attempt_0/20260929_172143
MC Seeds:         1234:1263
Duration (min):   180.0
Wind Speeds (W):  [0.0, 0.5, 1.0, 1.5]
Spatial (Ls):     [0.2]
Temporal (Lt):    [75.0]
Strategies:       [:transect, :ergo_nonadaptive, :ergo_adaptive, :bb_ipp_nonadaptive, :bb_ipp_adaptive, :ergo_ground_truth, :bb_ipp_ground_truth]
Active Workers:   [2, 3, 4, 5, 6, 7, 8, 9, 10, 11, 12, 13, 14, 15, 16]
================================================================================
ERROR: LoadError: On worker 8:
BoundsError: attempt to access 33×39×4321 extrapolate(scale(interpolate(OffsetArray(::Array{Float64, 3}, 0:34, 0:40, 0:4322), BSpline(Cubic(Line(OnGrid())))), (0.0:0.05:1.6, 0.0:0.05:1.9, 540.0:0.041666666666666664:720.0)), Throw()) with element type Float64 at index [0.8766581143413793, -4.336808689942018e-19, 662.5833333333334]
Stacktrace:
  [1] throw_boundserror
    @ ./essentials.jl:14
  [2] inbounds_index
    @ ~/.julia/packages/Interpolations/rXcvn/src/extrapolation/extrapolation.jl:116 [inlined]
  [3] inbounds_position
    @ ~/.julia/packages/Interpolations/rXcvn/src/extrapolation/extrapolation.jl:107 [inlined]
  [4] inbounds_position
    @ ~/.julia/packages/Interpolations/rXcvn/src/extrapolation/extrapolation.jl:108 [inlined]
  [5] Extrapolation
    @ ~/.julia/packages/Interpolations/rXcvn/src/extrapolation/extrapolation.jl:53 [inlined]
  [6] measure
    @ ~/adaptive-ocean-exploration-sim/src/simulator_ST.jl:34
  [7] macro expansion
    @ ~/adaptive-ocean-exploration-sim/src/timed_simulation.jl:106 [inlined]
  [8] macro expansion
    @ ~/.julia/packages/ProgressLogging/mcUt5/src/ProgressLogging.jl:471 [inlined]
  [9] #simulate_timed_mission#28
    @ ~/adaptive-ocean-exploration-sim/src/timed_simulation.jl:104
 [10] #simulate_known_param#35
    @ ~/adaptive-ocean-exploration-sim/src/simulator_ST.jl:405 [inlined]
 [11] simulate_known_param
    @ ~/adaptive-ocean-exploration-sim/src/simulator_ST.jl:403 [inlined]
 [12] run_bb_ipp_ground_truth
    @ ~/adaptive-ocean-exploration-sim/revision_sims/run_monte_carlo_comparison.jl:662
 [13] run_task
    @ ~/adaptive-ocean-exploration-sim/revision_sims/run_monte_carlo_comparison.jl:780
 [14] #exec_from_cache#212
    @ /sw/pkgs/lsa/julia/1.11.4/share/julia/stdlib/v1.11/Distributed/src/workerpool.jl:354
 [15] #invokelatest#2
    @ ./essentials.jl:1055
 [16] invokelatest
    @ ./essentials.jl:1052
 [17] #110
    @ /sw/pkgs/lsa/julia/1.11.4/share/julia/stdlib/v1.11/Distributed/src/process_messages.jl:287
 [18] run_work_thunk
    @ /sw/pkgs/lsa/julia/1.11.4/share/julia/stdlib/v1.11/Distributed/src/process_messages.jl:70
 [19] #109
    @ /sw/pkgs/lsa/julia/1.11.4/share/julia/stdlib/v1.11/Distributed/src/process_messages.jl:287
Stacktrace:
  [1] (::Base.var"#1170#1172")(x::Task)
    @ Base ./asyncmap.jl:171
  [2] foreach(f::Base.var"#1170#1172", itr::Vector{Any})
    @ Base ./abstractarray.jl:3187
  [3] maptwice(wrapped_f::Function, chnl::Channel{Any}, worker_tasks::Vector{Any}, c::Vector{Tuple{Int64, Symbol, String, Vararg{Float64, 4}}})
    @ Base ./asyncmap.jl:171
  [4] wrap_n_exec_twice
    @ ./asyncmap.jl:147 [inlined]
  [5] #async_usemap#1155
    @ ./asyncmap.jl:97 [inlined]
  [6] async_usemap
    @ ./asyncmap.jl:78 [inlined]
  [7] #asyncmap#1154
    @ ./asyncmap.jl:75 [inlined]
  [8] asyncmap
    @ ./asyncmap.jl:74 [inlined]
  [9] pmap(f::Function, p::CachingPool, c::Vector{Tuple{Int64, Symbol, String, Vararg{Float64, 4}}}; distributed::Bool, batch_size::Int64, on_error::Nothing, retry_delays::Vector{Any}, retry_check::Nothing)
    @ Distributed /sw/pkgs/lsa/julia/1.11.4/share/julia/stdlib/v1.11/Distributed/src/pmap.jl:126
 [10] pmap
    @ /sw/pkgs/lsa/julia/1.11.4/share/julia/stdlib/v1.11/Distributed/src/pmap.jl:99 [inlined]
 [11] pmap(f::Function, c::Vector{Tuple{Int64, Symbol, String, Vararg{Float64, 4}}}; kwargs::@Kwargs{})
    @ Distributed /sw/pkgs/lsa/julia/1.11.4/share/julia/stdlib/v1.11/Distributed/src/pmap.jl:156
 [12] main()
    @ Main ~/adaptive-ocean-exploration-sim/revision_sims/run_monte_carlo_comparison.jl:1055
 [13] top-level scope
    @ ~/adaptive-ocean-exploration-sim/revision_sims/run_monte_carlo_comparison.jl:1202
in expression starting at /home/kmgovind/adaptive-ocean-exploration-sim/revision_sims/run_monte_carlo_comparison.jl:1202
